
> frontend@0.0.0 build
> vite build

[36mvite v5.4.21 [32mbuilding for production...[36m[39m
transforming...
[32mÔ£ô[39m 1405 modules transformed.
node.exe : [31mx[39m 
Build failed in 6.18s
At line:1 char:1
+ & "C:\Program 
Files\nodejs/node.exe" 
"C:\Program 
Files\nodejs/node_mo 
...
+ ~~~~~~~~~~~~~~~~~~~~~
~~~~~~~~~~~~~~~~~~~~~~~
~~~~~~~~~~~~~~~~~~~~~~~
~~
    + CategoryInfo     
         : NotSpecifi  
  ed: ([31mx[39m B   
 uild failed in 6.1    
8s:String) [], Rem    
oteException
    + FullyQualifiedEr 
   rorId : NativeComm  
  andError
 
[31merror during 
build:
[31msrc/App.jsx 
(4:51): 
"UserManagement" is 
not exported by 
"src/Pages.jsx", 
imported by 
"src/App.jsx".[31m
file: [36mC:/Users/USE
R/.gemini/antigravity/s
cratch/school_sys/front
end/src/App.jsx:4:51[3
1m
[33m
2: import Login from 
'./Login'
3: import Dashboard 
from './Dashboard'
4: import { Students, 
Inventory, Accounts, 
Academics, 
UserManagement } from 
'./Pages'
                       
                       
        ^
5: import { 
LayoutDashboard, 
Users, Package, 
FileText, LogOut, 
BookOpen, Settings as 
SettingsIcon, Camera, 
Key, User as ...
6: import axios from 
'axios';
[31m
    at getRollupError (
file:///C:/Users/USER/.
gemini/antigravity/scra
tch/school_sys/frontend
/node_modules/rollup/di
st/es/shared/parseAst.j
s:402:41)
    at error (file:///C
:/Users/USER/.gemini/an
tigravity/scratch/schoo
l_sys/frontend/node_mod
ules/rollup/dist/es/sha
red/parseAst.js:398:42)
    at Module.error (fi
le:///C:/Users/USER/.ge
mini/antigravity/scratc
h/school_sys/frontend/n
ode_modules/rollup/dist
/es/shared/node-entry.j
s:17040:16)
    at 
Module.traceVariable (f
ile:///C:/Users/USER/.g
emini/antigravity/scrat
ch/school_sys/frontend/
node_modules/rollup/dis
t/es/shared/node-entry.
js:17452:29)
    at ModuleScope.find
Variable (file:///C:/Us
ers/USER/.gemini/antigr
avity/scratch/school_sy
s/frontend/node_modules
/rollup/dist/es/shared/
node-entry.js:15070:39)
    at FunctionScope.fi
ndVariable (file:///C:/
Users/USER/.gemini/anti
gravity/scratch/school_
sys/frontend/node_modul
es/rollup/dist/es/share
d/node-entry.js:5673:38
)
    at FunctionBodyScop
e.findVariable (file://
/C:/Users/USER/.gemini/
antigravity/scratch/sch
ool_sys/frontend/node_m
odules/rollup/dist/es/s
hared/node-entry.js:567
3:38)
    at ReturnValueScope
.findVariable (file:///
C:/Users/USER/.gemini/a
ntigravity/scratch/scho
ol_sys/frontend/node_mo
dules/rollup/dist/es/sh
ared/node-entry.js:5673
:38)
    at FunctionBodyScop
e.findVariable (file://
/C:/Users/USER/.gemini/
antigravity/scratch/sch
ool_sys/frontend/node_m
odules/rollup/dist/es/s
hared/node-entry.js:567
3:38)
    at BlockScope.findV
ariable (file:///C:/Use
rs/USER/.gemini/antigra
vity/scratch/school_sys
/frontend/node_modules/
rollup/dist/es/shared/n
ode-entry.js:5673:38)[
39m
